
(waybar:73779): Gtk-WARNING **: 17:58:25.141: Theme parsing error: gtk-dark.css:666:29: Invalid number for color value

(waybar:73779): Gtk-WARNING **: 17:58:25.144: Theme parsing error: gtk-dark.css:901:68: Invalid number for color value

(waybar:73779): Gtk-WARNING **: 17:58:25.144: Theme parsing error: gtk-dark.css:909:66: Invalid number for color value

(waybar:73779): Gtk-WARNING **: 17:58:25.144: Theme parsing error: gtk-dark.css:913:29: Invalid number for color value

(waybar:73779): Gtk-WARNING **: 17:58:25.144: Theme parsing error: gtk-dark.css:928:25: Invalid number for color value

(waybar:73779): Gtk-WARNING **: 17:58:25.145: Theme parsing error: gtk-dark.css:1262:45: Expected ',' in color definition

(waybar:73779): Gtk-WARNING **: 17:58:25.145: Theme parsing error: gtk-dark.css:1267:45: Expected ',' in color definition

(waybar:73779): Gtk-WARNING **: 17:58:25.146: Theme parsing error: gtk-dark.css:1277:76: Expected ',' in color definition

(waybar:73779): Gtk-WARNING **: 17:58:25.150: Theme parsing error: gtk-dark.css:2109:45: Expected ',' in color definition

(waybar:73779): Gtk-WARNING **: 17:58:25.150: Theme parsing error: gtk-dark.css:2114:45: Expected ',' in color definition

(waybar:73779): Gtk-WARNING **: 17:58:25.150: Theme parsing error: gtk-dark.css:2208:40: Expected ',' in color definition

(waybar:73779): Gtk-WARNING **: 17:58:25.152: Theme parsing error: gtk-dark.css:2530:45: Expected ',' in color definition

(waybar:73779): Gtk-WARNING **: 17:58:25.159: Theme parsing error: gtk-dark.css:4012:25: Expected ',' in color definition

(waybar:73779): Gtk-WARNING **: 17:58:25.159: Theme parsing error: gtk-dark.css:4016:25: Expected ',' in color definition

(waybar:73779): Gtk-WARNING **: 17:58:25.159: Theme parsing error: gtk-dark.css:4020:25: Expected ',' in color definition

(waybar:73779): Gtk-WARNING **: 17:58:25.160: Theme parsing error: gtk-dark.css:4059:45: Expected ',' in color definition

(waybar:73779): Gtk-WARNING **: 17:58:25.160: Theme parsing error: gtk-dark.css:4120:25: Expected ',' in color definition

(waybar:73779): Gtk-WARNING **: 17:58:25.160: Theme parsing error: gtk-dark.css:4169:45: Expected ',' in color definition

(waybar:73779): Gtk-WARNING **: 17:58:25.160: Theme parsing error: gtk-dark.css:4175:45: Expected ',' in color definition

(waybar:73779): Gtk-WARNING **: 17:58:25.160: Theme parsing error: gtk-dark.css:4180:45: Expected ',' in color definition

(waybar:73779): Gtk-WARNING **: 17:58:25.160: Theme parsing error: gtk-dark.css:4196:45: Expected ',' in color definition

(waybar:73779): Gtk-WARNING **: 17:58:25.160: Theme parsing error: gtk-dark.css:4207:45: Expected ',' in color definition

(waybar:73779): Gtk-WARNING **: 17:58:25.160: Theme parsing error: gtk-dark.css:4222:40: Expected ',' in color definition

(waybar:73779): Gtk-WARNING **: 17:58:25.160: Theme parsing error: gtk-dark.css:4234:45: Expected ',' in color definition

(waybar:73779): Gtk-WARNING **: 17:58:25.160: Theme parsing error: gtk-dark.css:4279:49: Expected ',' in color definition

(waybar:73779): Gtk-WARNING **: 17:58:25.160: Theme parsing error: gtk-dark.css:4280:60: Expected ',' in color definition

(waybar:73779): Gtk-WARNING **: 17:58:25.161: Theme parsing error: gtk-dark.css:4423:40: Expected ',' in color definition

(waybar:73779): Gtk-WARNING **: 17:58:25.162: Theme parsing error: gtk-dark.css:4576:45: Expected ',' in color definition

(waybar:73779): Gtk-WARNING **: 17:58:25.162: Theme parsing error: gtk-dark.css:4802:25: Expected ',' in color definition

(waybar:73779): Gtk-WARNING **: 17:58:25.163: Theme parsing error: gtk-dark.css:4828:45: Expected ',' in color definition

(waybar:73779): Gtk-WARNING **: 17:58:25.164: Theme parsing error: gtk-dark.css:5247:32: Expected ',' in color definition

(waybar:73779): Gtk-WARNING **: 17:58:25.164: Theme parsing error: gtk-dark.css:5263:36: Expected ',' in color definition

(waybar:73779): Gtk-WARNING **: 17:58:25.164: Theme parsing error: gtk-dark.css:5369:36: Expected ',' in color definition

(waybar:73779): Gtk-WARNING **: 17:58:25.164: Theme parsing error: gtk-dark.css:5374:36: Expected ',' in color definition

(waybar:73779): Gtk-WARNING **: 17:58:25.165: Theme parsing error: gtk-dark.css:5564:45: Expected ',' in color definition

(waybar:73779): Gtk-WARNING **: 17:58:25.166: Theme parsing error: gtk-dark.css:5846:36: Expected ',' in color definition

(waybar:73779): Gtk-WARNING **: 17:58:25.166: Theme parsing error: gtk-dark.css:5911:43: Expected ',' in color definition

(waybar:73779): Gtk-WARNING **: 17:58:25.167: Theme parsing error: gtk-dark.css:6115:45: Expected ',' in color definition

(waybar:73779): Gtk-WARNING **: 17:58:25.167: Theme parsing error: gtk-dark.css:6525:45: Expected ',' in color definition

(waybar:73779): Gtk-WARNING **: 17:58:25.168: Theme parsing error: gtk-dark.css:6692:36: Expected ',' in color definition

(waybar:73779): Gtk-WARNING **: 17:58:25.168: Theme parsing error: gtk-dark.css:6738:36: Expected ',' in color definition

(waybar:73779): Gtk-WARNING **: 17:58:25.168: Theme parsing error: gtk-dark.css:6758:36: Expected ',' in color definition

(waybar:73779): Gtk-WARNING **: 17:58:25.169: Theme parsing error: gtk-dark.css:6993:36: Expected ',' in color definition

(waybar:73779): Gtk-WARNING **: 17:58:25.169: Theme parsing error: gtk-dark.css:6995:45: Expected ',' in color definition

(waybar:73779): Gtk-WARNING **: 17:58:25.169: Theme parsing error: gtk-dark.css:7046:45: Expected ',' in color definition

(waybar:73779): Gtk-WARNING **: 17:58:25.170: Theme parsing error: gtk-dark.css:7452:45: Expected ',' in color definition

(waybar:73779): Gtk-WARNING **: 17:58:25.170: Theme parsing error: gtk-dark.css:7631:45: Expected ',' in color definition

(waybar:73779): Gtk-WARNING **: 17:58:25.170: Theme parsing error: gtk-dark.css:7659:45: Expected ',' in color definition

(waybar:73779): Gtk-WARNING **: 17:58:25.171: Theme parsing error: gtk-dark.css:7793:45: Expected ',' in color definition

(waybar:73779): Gtk-WARNING **: 17:58:25.171: Theme parsing error: gtk-dark.css:7839:45: Expected ',' in color definition

(waybar:73779): Gtk-WARNING **: 17:58:25.171: Theme parsing error: gtk-dark.css:7954:45: Expected ',' in color definition
[2026-03-21 17:58:25.199] [info] Using configuration file /home/user/.config/waybar/config
[2026-03-21 17:58:25.203] [info] Discovered appearance 'dark'

(waybar:73779): Gtk-WARNING **: 17:58:25.204: Theme parsing error: gtk-dark.css:666:29: Invalid number for color value

(waybar:73779): Gtk-WARNING **: 17:58:25.205: Theme parsing error: gtk-dark.css:901:68: Invalid number for color value

(waybar:73779): Gtk-WARNING **: 17:58:25.205: Theme parsing error: gtk-dark.css:909:66: Invalid number for color value

(waybar:73779): Gtk-WARNING **: 17:58:25.205: Theme parsing error: gtk-dark.css:913:29: Invalid number for color value

(waybar:73779): Gtk-WARNING **: 17:58:25.205: Theme parsing error: gtk-dark.css:928:25: Invalid number for color value

(waybar:73779): Gtk-WARNING **: 17:58:25.205: Theme parsing error: gtk-dark.css:1262:45: Expected ',' in color definition

(waybar:73779): Gtk-WARNING **: 17:58:25.205: Theme parsing error: gtk-dark.css:1267:45: Expected ',' in color definition

(waybar:73779): Gtk-WARNING **: 17:58:25.205: Theme parsing error: gtk-dark.css:1277:76: Expected ',' in color definition

(waybar:73779): Gtk-WARNING **: 17:58:25.206: Theme parsing error: gtk-dark.css:2109:45: Expected ',' in color definition

(waybar:73779): Gtk-WARNING **: 17:58:25.206: Theme parsing error: gtk-dark.css:2114:45: Expected ',' in color definition

(waybar:73779): Gtk-WARNING **: 17:58:25.206: Theme parsing error: gtk-dark.css:2208:40: Expected ',' in color definition

(waybar:73779): Gtk-WARNING **: 17:58:25.206: Theme parsing error: gtk-dark.css:2530:45: Expected ',' in color definition

(waybar:73779): Gtk-WARNING **: 17:58:25.207: Theme parsing error: gtk-dark.css:4012:25: Expected ',' in color definition

(waybar:73779): Gtk-WARNING **: 17:58:25.207: Theme parsing error: gtk-dark.css:4016:25: Expected ',' in color definition

(waybar:73779): Gtk-WARNING **: 17:58:25.207: Theme parsing error: gtk-dark.css:4020:25: Expected ',' in color definition

(waybar:73779): Gtk-WARNING **: 17:58:25.207: Theme parsing error: gtk-dark.css:4059:45: Expected ',' in color definition

(waybar:73779): Gtk-WARNING **: 17:58:25.207: Theme parsing error: gtk-dark.css:4120:25: Expected ',' in color definition

(waybar:73779): Gtk-WARNING **: 17:58:25.207: Theme parsing error: gtk-dark.css:4169:45: Expected ',' in color definition

(waybar:73779): Gtk-WARNING **: 17:58:25.207: Theme parsing error: gtk-dark.css:4175:45: Expected ',' in color definition

(waybar:73779): Gtk-WARNING **: 17:58:25.207: Theme parsing error: gtk-dark.css:4180:45: Expected ',' in color definition

(waybar:73779): Gtk-WARNING **: 17:58:25.207: Theme parsing error: gtk-dark.css:4196:45: Expected ',' in color definition

(waybar:73779): Gtk-WARNING **: 17:58:25.207: Theme parsing error: gtk-dark.css:4207:45: Expected ',' in color definition

(waybar:73779): Gtk-WARNING **: 17:58:25.207: Theme parsing error: gtk-dark.css:4222:40: Expected ',' in color definition

(waybar:73779): Gtk-WARNING **: 17:58:25.207: Theme parsing error: gtk-dark.css:4234:45: Expected ',' in color definition

(waybar:73779): Gtk-WARNING **: 17:58:25.207: Theme parsing error: gtk-dark.css:4279:49: Expected ',' in color definition

(waybar:73779): Gtk-WARNING **: 17:58:25.207: Theme parsing error: gtk-dark.css:4280:60: Expected ',' in color definition

(waybar:73779): Gtk-WARNING **: 17:58:25.207: Theme parsing error: gtk-dark.css:4423:40: Expected ',' in color definition

(waybar:73779): Gtk-WARNING **: 17:58:25.208: Theme parsing error: gtk-dark.css:4576:45: Expected ',' in color definition

(waybar:73779): Gtk-WARNING **: 17:58:25.208: Theme parsing error: gtk-dark.css:4802:25: Expected ',' in color definition

(waybar:73779): Gtk-WARNING **: 17:58:25.208: Theme parsing error: gtk-dark.css:4828:45: Expected ',' in color definition

(waybar:73779): Gtk-WARNING **: 17:58:25.208: Theme parsing error: gtk-dark.css:5247:32: Expected ',' in color definition

(waybar:73779): Gtk-WARNING **: 17:58:25.208: Theme parsing error: gtk-dark.css:5263:36: Expected ',' in color definition

(waybar:73779): Gtk-WARNING **: 17:58:25.208: Theme parsing error: gtk-dark.css:5369:36: Expected ',' in color definition

(waybar:73779): Gtk-WARNING **: 17:58:25.208: Theme parsing error: gtk-dark.css:5374:36: Expected ',' in color definition

(waybar:73779): Gtk-WARNING **: 17:58:25.208: Theme parsing error: gtk-dark.css:5564:45: Expected ',' in color definition

(waybar:73779): Gtk-WARNING **: 17:58:25.208: Theme parsing error: gtk-dark.css:5846:36: Expected ',' in color definition

(waybar:73779): Gtk-WARNING **: 17:58:25.208: Theme parsing error: gtk-dark.css:5911:43: Expected ',' in color definition

(waybar:73779): Gtk-WARNING **: 17:58:25.208: Theme parsing error: gtk-dark.css:6115:45: Expected ',' in color definition

(waybar:73779): Gtk-WARNING **: 17:58:25.209: Theme parsing error: gtk-dark.css:6525:45: Expected ',' in color definition

(waybar:73779): Gtk-WARNING **: 17:58:25.209: Theme parsing error: gtk-dark.css:6692:36: Expected ',' in color definition

(waybar:73779): Gtk-WARNING **: 17:58:25.209: Theme parsing error: gtk-dark.css:6738:36: Expected ',' in color definition

(waybar:73779): Gtk-WARNING **: 17:58:25.209: Theme parsing error: gtk-dark.css:6758:36: Expected ',' in color definition

(waybar:73779): Gtk-WARNING **: 17:58:25.209: Theme parsing error: gtk-dark.css:6993:36: Expected ',' in color definition

(waybar:73779): Gtk-WARNING **: 17:58:25.209: Theme parsing error: gtk-dark.css:6995:45: Expected ',' in color definition

(waybar:73779): Gtk-WARNING **: 17:58:25.209: Theme parsing error: gtk-dark.css:7046:45: Expected ',' in color definition

(waybar:73779): Gtk-WARNING **: 17:58:25.209: Theme parsing error: gtk-dark.css:7452:45: Expected ',' in color definition

(waybar:73779): Gtk-WARNING **: 17:58:25.209: Theme parsing error: gtk-dark.css:7631:45: Expected ',' in color definition

(waybar:73779): Gtk-WARNING **: 17:58:25.209: Theme parsing error: gtk-dark.css:7659:45: Expected ',' in color definition

(waybar:73779): Gtk-WARNING **: 17:58:25.209: Theme parsing error: gtk-dark.css:7793:45: Expected ',' in color definition

(waybar:73779): Gtk-WARNING **: 17:58:25.209: Theme parsing error: gtk-dark.css:7839:45: Expected ',' in color definition

(waybar:73779): Gtk-WARNING **: 17:58:25.209: Theme parsing error: gtk-dark.css:7954:45: Expected ',' in color definition
[2026-03-21 17:58:25.223] [info] Using CSS file /home/user/.config/waybar/style.css
[2026-03-21 17:58:25.229] [info] Hyprland IPC starting
[2026-03-21 17:58:25.229] [info] Loading persistent workspaces from Waybar config
[2026-03-21 17:58:25.230] [info] Loading persistent workspaces from Hyprland workspace rules
[2026-03-21 17:58:25.248] [info] Loading persistent workspaces from Waybar config
[2026-03-21 17:58:25.248] [info] Loading persistent workspaces from Hyprland workspace rules
Discharging
Discharging
[2026-03-21 17:58:25.647] [info] Bar configured (width: 1920, height: 54) for output: eDP-1
[2026-03-21 17:58:25.647] [info] Bar configured (width: 2560, height: 54) for output: HDMI-A-1
Plugged
Plugged
Plugged
Plugged
Charging
Charging
Charging
Charging
Charging
Charging
Charging
Charging
Charging
Charging
Charging
Charging
Charging
Charging
Charging
Charging
Charging
Charging
Charging
Charging
Charging
Charging
Charging
Charging
Charging
Charging
Charging
Charging
Charging
Charging
Charging
Charging
Charging
Charging
Charging
Charging
Charging
Charging
Charging
Charging
Charging
Charging
Charging
Charging
Charging
Charging
Charging
Charging
Charging
Charging
Charging
Charging
Charging
Charging
Charging
Charging
Charging
Charging
Charging
Charging
Charging
Charging
Charging
Charging
Charging
Charging
Charging
Charging
Charging
Charging
Charging
Charging
Charging
Charging
Charging
Charging
Charging
Charging
Charging
Charging
Charging
Charging
Charging
Charging
Charging
Charging
Charging
Charging
Charging
Charging
Charging
Charging
Charging
Charging
Charging
Charging
Charging
Charging
Charging
Charging
Charging
Charging
Charging
Charging
Charging
Charging
Charging
Charging
Charging
Charging
Charging
Charging
Charging
Charging
Charging
Charging
Charging
Charging
Charging
Charging
Charging
Charging
Charging
Charging
Charging
Charging
Charging
Charging
Charging
Charging
Charging
Charging
Charging
Charging
Charging
Charging
Charging
Charging
Charging
Charging
Charging
Charging
Charging
Charging
Charging
Charging
Charging
Charging
Charging
Charging
Charging
Charging
Charging
Charging
Charging
Charging
Charging
Charging
Charging
Charging
Charging
Charging
Charging
Charging
Charging
Charging
Charging
Charging
Charging
Charging
Charging
Charging
Charging
Charging
Charging
Charging
Charging
Charging
Charging
Charging
Charging
Charging
Charging
Charging
Charging
Charging
Charging
Charging
Charging
Charging
Charging
Charging
Charging
Charging
Charging
Charging
Charging
Charging
Charging
Charging
Charging
Charging
Charging
Charging
Charging
Charging
Charging
Charging
Charging
Charging
Charging
Charging
Charging
Charging
Charging
Charging
Charging
Charging
Charging
Charging
[2026-03-21 20:05:44.110] [info] Bar removed from output: HDMI-A-1
Gdk-Message: 20:05:47.919: Error 71 (Protocol error) dispatching to Wayland display.

(waybar:304891): Gtk-WARNING **: 22:43:03.536: Theme parsing error: gtk-dark.css:666:29: Invalid number for color value

(waybar:304891): Gtk-WARNING **: 22:43:03.539: Theme parsing error: gtk-dark.css:901:68: Invalid number for color value

(waybar:304891): Gtk-WARNING **: 22:43:03.539: Theme parsing error: gtk-dark.css:909:66: Invalid number for color value

(waybar:304891): Gtk-WARNING **: 22:43:03.539: Theme parsing error: gtk-dark.css:913:29: Invalid number for color value

(waybar:304891): Gtk-WARNING **: 22:43:03.539: Theme parsing error: gtk-dark.css:928:25: Invalid number for color value

(waybar:304891): Gtk-WARNING **: 22:43:03.540: Theme parsing error: gtk-dark.css:1262:45: Expected ',' in color definition

(waybar:304891): Gtk-WARNING **: 22:43:03.540: Theme parsing error: gtk-dark.css:1267:45: Expected ',' in color definition

(waybar:304891): Gtk-WARNING **: 22:43:03.540: Theme parsing error: gtk-dark.css:1277:76: Expected ',' in color definition

(waybar:304891): Gtk-WARNING **: 22:43:03.541: Theme parsing error: gtk-dark.css:2109:45: Expected ',' in color definition

(waybar:304891): Gtk-WARNING **: 22:43:03.541: Theme parsing error: gtk-dark.css:2114:45: Expected ',' in color definition

(waybar:304891): Gtk-WARNING **: 22:43:03.541: Theme parsing error: gtk-dark.css:2208:40: Expected ',' in color definition

(waybar:304891): Gtk-WARNING **: 22:43:03.542: Theme parsing error: gtk-dark.css:2530:45: Expected ',' in color definition

(waybar:304891): Gtk-WARNING **: 22:43:03.543: Theme parsing error: gtk-dark.css:4012:25: Expected ',' in color definition

(waybar:304891): Gtk-WARNING **: 22:43:03.543: Theme parsing error: gtk-dark.css:4016:25: Expected ',' in color definition

(waybar:304891): Gtk-WARNING **: 22:43:03.543: Theme parsing error: gtk-dark.css:4020:25: Expected ',' in color definition

(waybar:304891): Gtk-WARNING **: 22:43:03.543: Theme parsing error: gtk-dark.css:4059:45: Expected ',' in color definition

(waybar:304891): Gtk-WARNING **: 22:43:03.543: Theme parsing error: gtk-dark.css:4120:25: Expected ',' in color definition

(waybar:304891): Gtk-WARNING **: 22:43:03.543: Theme parsing error: gtk-dark.css:4169:45: Expected ',' in color definition

(waybar:304891): Gtk-WARNING **: 22:43:03.543: Theme parsing error: gtk-dark.css:4175:45: Expected ',' in color definition

(waybar:304891): Gtk-WARNING **: 22:43:03.543: Theme parsing error: gtk-dark.css:4180:45: Expected ',' in color definition

(waybar:304891): Gtk-WARNING **: 22:43:03.543: Theme parsing error: gtk-dark.css:4196:45: Expected ',' in color definition

(waybar:304891): Gtk-WARNING **: 22:43:03.544: Theme parsing error: gtk-dark.css:4207:45: Expected ',' in color definition

(waybar:304891): Gtk-WARNING **: 22:43:03.544: Theme parsing error: gtk-dark.css:4222:40: Expected ',' in color definition

(waybar:304891): Gtk-WARNING **: 22:43:03.544: Theme parsing error: gtk-dark.css:4234:45: Expected ',' in color definition

(waybar:304891): Gtk-WARNING **: 22:43:03.544: Theme parsing error: gtk-dark.css:4279:49: Expected ',' in color definition

(waybar:304891): Gtk-WARNING **: 22:43:03.544: Theme parsing error: gtk-dark.css:4280:60: Expected ',' in color definition

(waybar:304891): Gtk-WARNING **: 22:43:03.544: Theme parsing error: gtk-dark.css:4423:40: Expected ',' in color definition

(waybar:304891): Gtk-WARNING **: 22:43:03.544: Theme parsing error: gtk-dark.css:4576:45: Expected ',' in color definition

(waybar:304891): Gtk-WARNING **: 22:43:03.544: Theme parsing error: gtk-dark.css:4802:25: Expected ',' in color definition

(waybar:304891): Gtk-WARNING **: 22:43:03.544: Theme parsing error: gtk-dark.css:4828:45: Expected ',' in color definition

(waybar:304891): Gtk-WARNING **: 22:43:03.545: Theme parsing error: gtk-dark.css:5247:32: Expected ',' in color definition

(waybar:304891): Gtk-WARNING **: 22:43:03.545: Theme parsing error: gtk-dark.css:5263:36: Expected ',' in color definition

(waybar:304891): Gtk-WARNING **: 22:43:03.545: Theme parsing error: gtk-dark.css:5369:36: Expected ',' in color definition

(waybar:304891): Gtk-WARNING **: 22:43:03.545: Theme parsing error: gtk-dark.css:5374:36: Expected ',' in color definition

(waybar:304891): Gtk-WARNING **: 22:43:03.545: Theme parsing error: gtk-dark.css:5564:45: Expected ',' in color definition

(waybar:304891): Gtk-WARNING **: 22:43:03.545: Theme parsing error: gtk-dark.css:5846:36: Expected ',' in color definition

(waybar:304891): Gtk-WARNING **: 22:43:03.545: Theme parsing error: gtk-dark.css:5911:43: Expected ',' in color definition

(waybar:304891): Gtk-WARNING **: 22:43:03.546: Theme parsing error: gtk-dark.css:6115:45: Expected ',' in color definition

(waybar:304891): Gtk-WARNING **: 22:43:03.546: Theme parsing error: gtk-dark.css:6525:45: Expected ',' in color definition

(waybar:304891): Gtk-WARNING **: 22:43:03.546: Theme parsing error: gtk-dark.css:6692:36: Expected ',' in color definition

(waybar:304891): Gtk-WARNING **: 22:43:03.546: Theme parsing error: gtk-dark.css:6738:36: Expected ',' in color definition

(waybar:304891): Gtk-WARNING **: 22:43:03.546: Theme parsing error: gtk-dark.css:6758:36: Expected ',' in color definition

(waybar:304891): Gtk-WARNING **: 22:43:03.546: Theme parsing error: gtk-dark.css:6993:36: Expected ',' in color definition

(waybar:304891): Gtk-WARNING **: 22:43:03.546: Theme parsing error: gtk-dark.css:6995:45: Expected ',' in color definition

(waybar:304891): Gtk-WARNING **: 22:43:03.546: Theme parsing error: gtk-dark.css:7046:45: Expected ',' in color definition

(waybar:304891): Gtk-WARNING **: 22:43:03.547: Theme parsing error: gtk-dark.css:7452:45: Expected ',' in color definition

(waybar:304891): Gtk-WARNING **: 22:43:03.547: Theme parsing error: gtk-dark.css:7631:45: Expected ',' in color definition

(waybar:304891): Gtk-WARNING **: 22:43:03.547: Theme parsing error: gtk-dark.css:7659:45: Expected ',' in color definition

(waybar:304891): Gtk-WARNING **: 22:43:03.547: Theme parsing error: gtk-dark.css:7793:45: Expected ',' in color definition

(waybar:304891): Gtk-WARNING **: 22:43:03.547: Theme parsing error: gtk-dark.css:7839:45: Expected ',' in color definition

(waybar:304891): Gtk-WARNING **: 22:43:03.547: Theme parsing error: gtk-dark.css:7954:45: Expected ',' in color definition
[2026-03-27 22:43:03.566] [info] Using configuration file /home/user/.config/waybar/config
[2026-03-27 22:43:14.680] [info] Unable to receive desktop appearance: GDBus.Error:org.freedesktop.portal.Error.NotFound: Requested setting not found
[2026-03-27 22:43:14.681] [info] Using CSS file /home/user/.config/waybar/style.css

** (waybar:304891): WARNING **: 22:43:14.681: It appears your Wayland compositor does not support the Layer Shell protocol

** (waybar:304891): WARNING **: 22:43:14.681: It appears your Wayland compositor does not support the XDG Shell stable protocol
[2026-03-27 22:43:14.681] [error] The Wayland compositor does not support wlr-layer-shell protocol
